C51 COMPILER V9.00   MAIN                                                                  02/08/2020 11:31:27 PAGE 1   


C51 COMPILER V9.00, COMPILATION OF MODULE MAIN
OBJECT MODULE PLACED IN .\Objects\main.obj
COMPILER INVOKED BY: D:\Keil_v5\C51\BIN\C51.EXE main.c OPTIMIZE(8,SPEED) BROWSE DEBUG OBJECTEXTEND PRINT(.\Listings\main
                    -.lst) TABS(2) OBJECT(.\Objects\main.obj)

line level    source

   1          #include "CH552.H"
   2          
   3          unsigned int i=0;
   4          
   5          #if 0
              /* red */
              sbit  LED1 = P3^3;
              
              /* green */
              sbit  LED2 = P3^4;
              
              #else
  13          
  14          sbit  LED1 = P3^2;
  15          sbit  LED2 = P1^4;
  16          
  17          #endif
  18          
  19          void delay_long()
  20          {
  21   1        unsigned int i = 10000000;
  22   1        unsigned int x = 5;
  23   1        while(x --) {
  24   2          while(i--);
  25   2        }
  26   1        
  27   1        
  28   1      }
  29          
  30          void delay_short()
  31          {
  32   1        unsigned int i = 10000000;
  33   1        unsigned int x = 2;
  34   1        while(x --) {
  35   2          while(i--);
  36   2        }
  37   1        
  38   1      }
  39          
  40          main()
  41          {
  42   1          unsigned int x;
  43   1          LED1=0;
  44   1          LED2=0;
  45   1          //while(1);
  46   1        
  47   1          while(1)
  48   1          {
  49   2            //LED1=!LED1;
  50   2            
  51   2            /* SOS */
  52   2            
  53   2            for (x = 0; x < 3; x++) {
  54   3              LED2 = 1;
C51 COMPILER V9.00   MAIN                                                                  02/08/2020 11:31:27 PAGE 2   

  55   3              delay_short();
  56   3              LED2 = 0;
  57   3              delay_short();
  58   3            }
  59   2            
  60   2            for (x = 0; x < 3; x++) {
  61   3              LED1 = 1;
  62   3              delay_long();
  63   3              LED1 = 0;
  64   3              delay_long();
  65   3            }
  66   2            
  67   2            for (x = 0; x < 3; x++) {
  68   3              LED2 = 1;
  69   3              delay_short();
  70   3              LED2 = 0;
  71   3              delay_short();
  72   3            }
  73   2            
  74   2            for(x = 0; x < 10; x++) {
  75   3              delay_long();
  76   3            }
  77   2            
  78   2          }
  79   1      }


MODULE INFORMATION:   STATIC OVERLAYABLE
   CODE SIZE        =    151    ----
   CONSTANT SIZE    =   ----    ----
   XDATA SIZE       =   ----    ----
   PDATA SIZE       =   ----    ----
   DATA SIZE        =      2    ----
   IDATA SIZE       =   ----    ----
   BIT SIZE         =   ----    ----
END OF MODULE INFORMATION.


C51 COMPILATION COMPLETE.  0 WARNING(S),  0 ERROR(S)
